// Jest Snapshot v1, https://goo.gl/fbAQLP

exports[`EditNumber Check render props 1`] = `
<styled.div>
  <styled.div
    onClick={[Function]}
  >
    -
  </styled.div>
  <styled.p>
    4
  </styled.p>
  <styled.div
    onClick={[Function]}
  >
    +
  </styled.div>
</styled.div>
`;

exports[`EditNumber Renders correct 1`] = `
<styled.div>
  <styled.div
    onClick={[Function]}
  >
    -
  </styled.div>
  <styled.p>
    0
  </styled.p>
  <styled.div
    onClick={[Function]}
  >
    +
  </styled.div>
</styled.div>
`;
